
> my-local-info@0.1.0 build
> next build

??Next.js 16.2.1 (Turbopack)
- Environments: .env.local

  Creating an optimized production build ...
??Compiled successfully in 3.5s
  Running TypeScript ...
  Finished TypeScript in 3.2s ...
  Collecting page data using 8 workers ...
node.exe : 
위치 줄:1 문자:1
+ & "C:\Program Files\nodejs/node.exe" "C
:\Program Files\nodejs/node_mo ...
+ ~~~~~~~~~~~~~~~~~~~~~~~~~~~~~~~~~~~~~~~
~~~~~~~~~~~~~~~~~~~~~~~~~~~~~~
    + CategoryInfo          : NotSpecifi 
   ed: (:String) [], RemoteException
    + FullyQualifiedErrorId : NativeComm 
   andError
 
> Build error occurred
Error: Page "/blog/[slug]" is missing "ge
nerateStaticParams()" so it cannot be use
d with "output: export" config.
    at ignore-listed frames
